<html>
<body>
<pre>
<h1>礦ision Build Log</h1>
<h2>Tool Versions:</h2>
IDE-Version: μVision V5.41.0.0
Copyright (C) 2024 ARM Ltd and ARM Germany GmbH. All rights reserved.
License Information: 1 GEFEI, 1, LIC=EXJT4-FSZK5-HL0CL-0X1FP-L72GU-00R42
 
Tool Versions:
Toolchain:       MDK-ARM Plus  Version: 5.41.0.0
Toolchain Path:  D:\Software\Keil\keil_Core\ARM\ARMCC\Bin
C Compiler:      Armcc.exe V5.06 update 7 (build 960)
Assembler:       Armasm.exe V5.06 update 7 (build 960)
Linker/Locator:  ArmLink.exe V5.06 update 7 (build 960)
Library Manager: ArmAr.exe V5.06 update 7 (build 960)
Hex Converter:   FromElf.exe V5.06 update 7 (build 960)
CPU DLL:         SARMCM3.DLL V5.41.0.0
Dialog DLL:      DCM.DLL V1.17.5.0
Target DLL:      CMSIS_AGDI.dll V1.33.21.0
Dialog DLL:      TCM.DLL V1.56.4.0
 
<h2>Project:</h2>
D:\Embedded\STM32\Jiangxie TechnologySTM32\STM32_Standard_Peripheral_Library\10-1 软件IIC读写MPU6050(测试MPU6050是否可以接收到信号并返回应答信号)\Project.uvprojx
Project File Date:  04/29/2026

<h2>Output:</h2>
*** Using Compiler 'V5.06 update 7 (build 960)', folder: 'D:\Software\Keil\keil_Core\ARM\ARMCC\Bin'
Build target 'Target 1'
compiling stm32f10x_it.c...
compiling main.c...
User\main.c(30): warning:  #223-D: function "MyI2C_Init" declared implicitly
  	MyI2C_Init();
User\main.c(34): warning:  #223-D: function "MyI2C_Start" declared implicitly
  	MyI2C_Start();
User\main.c(39): warning:  #223-D: function "MyI2C_SendByte" declared implicitly
  	MyI2C_SendByte(0XD0);  // AD0 = 0鐨勫湴鍧�
User\main.c(42): warning:  #223-D: function "MyI2C_ReceiveAck" declared implicitly
  	uint8_t Ack =  MyI2C_ReceiveAck();
User\main.c(55): warning:  #223-D: function "MyI2C_Stop" declared implicitly
  	MyI2C_Stop();
User\main.c: 5 warnings, 0 errors
compiling MyI2C.c...
compiling MPU6050.c...
linking...
Program Size: Code=2232 RO-data=1772 RW-data=0 ZI-data=1632  
".\Objects\Project.axf" - 0 Error(s), 5 Warning(s).

<h2>Software Packages used:</h2>

Package Vendor: Keil
                http://www.keil.com/pack/Keil.STM32F1xx_DFP.2.2.0.pack
                Keil::STM32F1xx_DFP@2.2.0
                STMicroelectronics STM32F1 Series Device Support, Drivers and Examples

<h2>Collection of Component include folders:</h2>
  D:/Software/Keil/keil_Core/PACK/Keil/STM32F1xx_DFP/2.2.0/Device/Include

<h2>Collection of Component Files used:</h2>
Build Time Elapsed:  00:00:01
</pre>
</body>
</html>
